---
source: crates/trippy/src/config.rs
---
AnetworkdiagnostictoolUsage:trip[OPTIONS][TARGETS]...Arguments:[TARGETS]...AspacedelimitedlistofhostnamesandIPstotraceOptions:-c,--config-file<CONFIG_FILE>Configfile-m,--mode<MODE>Outputmode[default:tui]Possiblevalues:-tui:DisplayinteractiveTUI-stream:Displayacontinuousstreamoftracingdata-pretty:GenerateaprettytexttablereportforNcycles-markdown:GenerateaMarkdowntexttablereportforNcycles-csv:GenerateaCSVreportforNcycles-json:GenerateaJSONreportforNcycles-dot:GenerateaGraphvizDOTfileforNcycles-flows:DisplayallflowsforNcycles-silent:DonotgenerateanytracingoutputforNcycles-u,--unprivilegedTracewithoutrequiringelevatedprivilegesonsupportedplatforms[default:false]-p,--protocol<PROTOCOL>Tracingprotocol[default:icmp]Possiblevalues:-icmp:InternetControlMessageProtocol-udp:UserDatagramProtocol-tcp:TransmissionControlProtocol--udpTraceusingtheUDPprotocol--tcpTraceusingtheTCPprotocol--icmpTraceusingtheICMPprotocol-F,--addr-family<ADDR_FAMILY>Theaddressfamily[default:Ipv4thenIpv6]Possiblevalues:-ipv4:Ipv4only-ipv6:Ipv6only-ipv6-then-ipv4:Ipv6withafallbacktoIpv4-ipv4-then-ipv6:Ipv4withafallbacktoIpv6-4,--ipv4UseIPv4only-6,--ipv6UseIPv6only-P,--target-port<TARGET_PORT>Thetargetport(TCP&UDPonly)[default:80]-S,--source-port<SOURCE_PORT>Thesourceport(TCP&UDPonly)[default:auto]-A,--source-address<SOURCE_ADDRESS>ThesourceIPaddress[default:auto]-I,--interface<INTERFACE>Thenetworkinterface[default:auto]-i,--min-round-duration<MIN_ROUND_DURATION>Theminimumdurationofeveryround[default:1s]-T,--max-round-duration<MAX_ROUND_DURATION>Themaximumdurationofeveryround[default:1s]-g,--grace-duration<GRACE_DURATION>TheperiodoftimetowaitforadditionalICMPresponsesafterthetargethasresponded[default:100ms]--initial-sequence<INITIAL_SEQUENCE>Theinitialsequencenumber[default:33000]-R,--multipath-strategy<MULTIPATH_STRATEGY>TheEqual-costMulti-Pathroutingstrategy(UDPonly)[default:classic]Possiblevalues:-classic:Thesrcordestportisusedtostorethesequencenumber-paris:TheUDP`checksum`fieldisusedtostorethesequencenumber-dublin:TheIP`identifier`fieldisusedtostorethesequencenumber-U,--max-inflight<MAX_INFLIGHT>Themaximumnumberofin-flightICMPechorequests[default:24]-f,--first-ttl<FIRST_TTL>TheTTLtostartfrom[default:1]-t,--max-ttl<MAX_TTL>ThemaximumnumberofTTLhops[default:64]--packet-size<PACKET_SIZE>ThesizeofIPpackettosend(IPheader+ICMPheader+payload)[default:84]--payload-pattern<PAYLOAD_PATTERN>TherepeatingpatterninthepayloadoftheICMPpacket[default:0]-Q,--tos<TOS>TheTOS(i.e.DSCP+ECN)IPheadervalue(TCPandUDPonly)[default:0]-e,--icmp-extensionsParseICMPextensions--read-timeout<READ_TIMEOUT>Thesocketreadtimeout[default:10ms]-r,--dns-resolve-method<DNS_RESOLVE_METHOD>HowtoperformDNSqueries[default:system]Possiblevalues:-system:ResolveusingtheOSresolver-resolv:Resolveusingthe`/etc/resolv.conf`DNSconfiguration-google:ResolveusingtheGoogle`8.8.8.8`DNSservice-cloudflare:ResolveusingtheCloudflare`1.1.1.1`DNSservice-y,--dns-resolve-allTracetoallIPsresolvedfromDNSlookup[default:false]--dns-timeout<DNS_TIMEOUT>ThemaximumtimetowaittoperformDNSqueries[default:5s]-z,--dns-lookup-as-infoLookupautonomoussystem(AS)informationduringDNSqueries[default:false]-a,--tui-address-mode<TUI_ADDRESS_MODE>Howtorenderaddresses[default:host]Possiblevalues:-ip:ShowIPaddressonly-host:Showreverse-lookupDNShostnameonly-both:ShowbothIPaddressandreverse-lookupDNShostname--tui-as-mode<TUI_AS_MODE>HowtorenderASinformation[default:asn]Possiblevalues:-asn:ShowtheASN-prefix:DisplaytheASprefix-country-code:Displaythecountrycode-registry:Displaytheregistryname-allocated:Displaytheallocateddate-name:DisplaytheASname--tui-custom-columns<TUI_CUSTOM_COLUMNS>CustomcolumnstobedisplayedintheTUIhopstable[default:holsravbwdt]--tui-icmp-extension-mode<TUI_ICMP_EXTENSION_MODE>HowtorenderICMPextensions[default:off]Possiblevalues:-off:Donotshow`icmp`extensions-mpls:ShowMPLSlabel(s)only-full:Showfull`icmp`extensiondataforallknownextensions-all:Showfull`icmp`extensiondataforallclasses--tui-geoip-mode<TUI_GEOIP_MODE>HowtorenderGeoIpinformation[default:short]Possiblevalues:-off:DonotdisplayGeoIpdata-short:Showshortformat-long:Showlongformat-location:ShowlatitudeandLongitudeformat-M,--tui-max-addrs<TUI_MAX_ADDRS>Themaximumnumberofaddressestoshowperhop[default:auto]-s,--tui-max-samples<TUI_MAX_SAMPLES>Themaximumnumberofsamplestorecordperhop[default:256]--tui-max-flows<TUI_MAX_FLOWS>Themaximumnumberofflowstoshow[default:64]--tui-preserve-screenPreservethescreenonexit[default:false]--tui-refresh-rate<TUI_REFRESH_RATE>TheTuirefreshrate[default:100ms]--tui-privacy-max-ttl<TUI_PRIVACY_MAX_TTL>Themaximumttlofhopswhichwillbemaskedforprivacy[default:0]--tui-theme-colors<TUI_THEME_COLORS>TheTUIthemecolors[item=color,item=color,..]--print-tui-theme-itemsPrintallTUIthemeitemsandexit--tui-key-bindings<TUI_KEY_BINDINGS>TheTUIkeybindings[command=key,command=key,..]--print-tui-binding-commandsPrintallTUIcommandsthatcanbeboundandexit-C,--report-cycles<REPORT_CYCLES>Thenumberofreportcyclestorun[default:10]-G,--geoip-mmdb-file<GEOIP_MMDB_FILE>ThesupportedMaxMindorIPinfoGeoIpmmdbfile--generate<GENERATE>Generateshellcompletion[possiblevalues:bash,elvish,fish,powershell,zsh]--generate-manGenerateROFFmanpage--print-config-templatePrintatemplatetomlconfigfileandexit--log-format<LOG_FORMAT>Thedebuglogformat[default:pretty]Possiblevalues:-compact:Displaylogdatainacompactformat-pretty:Displaylogdatainaprettyformat-json:Displaylogdatainajsonformat-chrome:DisplaylogdatainChrometraceformat--log-filter<LOG_FILTER>Thedebuglogfilter[default:trippy=debug]--log-span-events<LOG_SPAN_EVENTS>Thedebuglogformat[default:off]Possiblevalues:-off:Donotdisplayeventspans-active:Displayenterandexiteventspans-full:Displayalleventspans-v,--verboseEnableverbosedebuglogging-h,--helpPrinthelp(seeasummarywith'-h')-V,--versionPrintversion
