---
source: crates/trippy-tui/src/print.rs
---
#compdeftripautoload-Uis-at-least_trip(){typeset-Aopt_argstypeset-a_arguments_optionslocalret=1ifis-at-least5.2;then_arguments_options=(-s-S-C)else_arguments_options=(-s-C)filocalcontextcurcontext="$curcontext"stateline_arguments"${_arguments_options[@]}":\'-c+[Configfile]:CONFIG_FILE:_files'\'--config-file=[Configfile]:CONFIG_FILE:_files'\'-m+[Outputmode\[default\:tui\]]:MODE:((tui\:"DisplayinteractiveTUI"stream\:"Displayacontinuousstreamoftracingdata"pretty\:"GenerateaprettytexttablereportforNcycles"markdown\:"GenerateaMarkdowntexttablereportforNcycles"csv\:"GenerateaCSVreportforNcycles"json\:"GenerateaJSONreportforNcycles"dot\:"GenerateaGraphvizDOTfileforNcycles"flows\:"DisplayallflowsforNcycles"silent\:"DonotgenerateanytracingoutputforNcycles"))'\'--mode=[Outputmode\[default\:tui\]]:MODE:((tui\:"DisplayinteractiveTUI"stream\:"Displayacontinuousstreamoftracingdata"pretty\:"GenerateaprettytexttablereportforNcycles"markdown\:"GenerateaMarkdowntexttablereportforNcycles"csv\:"GenerateaCSVreportforNcycles"json\:"GenerateaJSONreportforNcycles"dot\:"GenerateaGraphvizDOTfileforNcycles"flows\:"DisplayallflowsforNcycles"silent\:"DonotgenerateanytracingoutputforNcycles"))'\'-p+[Tracingprotocol\[default\:icmp\]]:PROTOCOL:((icmp\:"InternetControlMessageProtocol"udp\:"UserDatagramProtocol"tcp\:"TransmissionControlProtocol"))'\'--protocol=[Tracingprotocol\[default\:icmp\]]:PROTOCOL:((icmp\:"InternetControlMessageProtocol"udp\:"UserDatagramProtocol"tcp\:"TransmissionControlProtocol"))'\'-F+[Theaddressfamily\[default\:system\]]:ADDR_FAMILY:((ipv4\:"IPv4only"ipv6\:"IPv6only"ipv6-then-ipv4\:"IPv6withafallbacktoIPv4"ipv4-then-ipv6\:"IPv4withafallbacktoIPv6"system\:"IftheOSresolverisbeingusedthenusethefirstIPaddressreturned,otherwiselookupIPv4withafallbacktoIPv6"))'\'--addr-family=[Theaddressfamily\[default\:system\]]:ADDR_FAMILY:((ipv4\:"IPv4only"ipv6\:"IPv6only"ipv6-then-ipv4\:"IPv6withafallbacktoIPv4"ipv4-then-ipv6\:"IPv4withafallbacktoIPv6"system\:"IftheOSresolverisbeingusedthenusethefirstIPaddressreturned,otherwiselookupIPv4withafallbacktoIPv6"))'\'-P+[Thetargetport(TCP&UDPonly)\[default\:80\]]:TARGET_PORT:_default'\'--target-port=[Thetargetport(TCP&UDPonly)\[default\:80\]]:TARGET_PORT:_default'\'-S+[Thesourceport(TCP&UDPonly)\[default\:auto\]]:SOURCE_PORT:_default'\'--source-port=[Thesourceport(TCP&UDPonly)\[default\:auto\]]:SOURCE_PORT:_default'\'(-I--interface)-A+[ThesourceIPaddress\[default\:auto\]]:SOURCE_ADDRESS:_default'\'(-I--interface)--source-address=[ThesourceIPaddress\[default\:auto\]]:SOURCE_ADDRESS:_default'\'-I+[Thenetworkinterface\[default\:auto\]]:INTERFACE:_default'\'--interface=[Thenetworkinterface\[default\:auto\]]:INTERFACE:_default'\'-i+[Theminimumdurationofeveryround\[default\:1s\]]:MIN_ROUND_DURATION:_default'\'--min-round-duration=[Theminimumdurationofeveryround\[default\:1s\]]:MIN_ROUND_DURATION:_default'\'-T+[Themaximumdurationofeveryround\[default\:1s\]]:MAX_ROUND_DURATION:_default'\'--max-round-duration=[Themaximumdurationofeveryround\[default\:1s\]]:MAX_ROUND_DURATION:_default'\'-g+[TheperiodoftimetowaitforadditionalICMPresponsesafterthetargethasresponded\[default\:100ms\]]:GRACE_DURATION:_default'\'--grace-duration=[TheperiodoftimetowaitforadditionalICMPresponsesafterthetargethasresponded\[default\:100ms\]]:GRACE_DURATION:_default'\'--initial-sequence=[Theinitialsequencenumber\[default\:33434\]]:INITIAL_SEQUENCE:_default'\'-R+[TheEqual-costMulti-Pathroutingstrategy(UDPonly)\[default\:classic\]]:MULTIPATH_STRATEGY:((classic\:"Thesrcordestportisusedtostorethesequencenumber"paris\:"TheUDP\`checksum\`fieldisusedtostorethesequencenumber"dublin\:"TheIP\`identifier\`fieldisusedtostorethesequencenumber"))'\'--multipath-strategy=[TheEqual-costMulti-Pathroutingstrategy(UDPonly)\[default\:classic\]]:MULTIPATH_STRATEGY:((classic\:"Thesrcordestportisusedtostorethesequencenumber"paris\:"TheUDP\`checksum\`fieldisusedtostorethesequencenumber"dublin\:"TheIP\`identifier\`fieldisusedtostorethesequencenumber"))'\'-U+[Themaximumnumberofin-flightICMPechorequests\[default\:24\]]:MAX_INFLIGHT:_default'\'--max-inflight=[Themaximumnumberofin-flightICMPechorequests\[default\:24\]]:MAX_INFLIGHT:_default'\'-f+[TheTTLtostartfrom\[default\:1\]]:FIRST_TTL:_default'\'--first-ttl=[TheTTLtostartfrom\[default\:1\]]:FIRST_TTL:_default'\'-t+[ThemaximumnumberofTTLhops\[default\:64\]]:MAX_TTL:_default'\'--max-ttl=[ThemaximumnumberofTTLhops\[default\:64\]]:MAX_TTL:_default'\'--packet-size=[ThesizeofIPpackettosend(IPheader+ICMPheader+payload)\[default\:84\]]:PACKET_SIZE:_default'\'--payload-pattern=[TherepeatingpatterninthepayloadoftheICMPpacket\[default\:0\]]:PAYLOAD_PATTERN:_default'\'-Q+[TheTOS(i.e.DSCP+ECN)IPheadervalue(IPv4only)\[default\:0\]]:TOS:_default'\'--tos=[TheTOS(i.e.DSCP+ECN)IPheadervalue(IPv4only)\[default\:0\]]:TOS:_default'\'--read-timeout=[Thesocketreadtimeout\[default\:10ms\]]:READ_TIMEOUT:_default'\'-r+[HowtoperformDNSqueries\[default\:system\]]:DNS_RESOLVE_METHOD:((system\:"ResolveusingtheOSresolver"resolv\:"Resolveusingthe\`/etc/resolv.conf\`DNSconfiguration"google\:"ResolveusingtheGoogle\`8.8.8.8\`DNSservice"cloudflare\:"ResolveusingtheCloudflare\`1.1.1.1\`DNSservice"))'\'--dns-resolve-method=[HowtoperformDNSqueries\[default\:system\]]:DNS_RESOLVE_METHOD:((system\:"ResolveusingtheOSresolver"resolv\:"Resolveusingthe\`/etc/resolv.conf\`DNSconfiguration"google\:"ResolveusingtheGoogle\`8.8.8.8\`DNSservice"cloudflare\:"ResolveusingtheCloudflare\`1.1.1.1\`DNSservice"))'\'--dns-timeout=[ThemaximumtimetowaittoperformDNSqueries\[default\:5s\]]:DNS_TIMEOUT:_default'\'--dns-ttl=[Thetime-to-live(TTL)ofDNSentries\[default\:300s\]]:DNS_TTL:_default'\'-s+[Themaximumnumberofsamplestorecordperhop\[default\:256\]]:MAX_SAMPLES:_default'\'--max-samples=[Themaximumnumberofsamplestorecordperhop\[default\:256\]]:MAX_SAMPLES:_default'\'--max-flows=[Themaximumnumberofflowstorecord\[default\:64\]]:MAX_FLOWS:_default'\'-a+[Howtorenderaddresses\[default\:host\]]:TUI_ADDRESS_MODE:((ip\:"ShowIPaddressonly"host\:"Showreverse-lookupDNShostnameonly"both\:"ShowbothIPaddressandreverse-lookupDNShostname"))'\'--tui-address-mode=[Howtorenderaddresses\[default\:host\]]:TUI_ADDRESS_MODE:((ip\:"ShowIPaddressonly"host\:"Showreverse-lookupDNShostnameonly"both\:"ShowbothIPaddressandreverse-lookupDNShostname"))'\'--tui-as-mode=[Howtorenderautonomoussystem(AS)information\[default\:asn\]]:TUI_AS_MODE:((asn\:"ShowtheASN"prefix\:"DisplaytheASprefix"country-code\:"Displaythecountrycode"registry\:"Displaytheregistryname"allocated\:"Displaytheallocateddate"name\:"DisplaytheASname"))'\'--tui-custom-columns=[CustomcolumnstobedisplayedintheTUIhopstable\[default\:holsravbwdt\]]:TUI_CUSTOM_COLUMNS:_default'\'--tui-icmp-extension-mode=[HowtorenderICMPextensions\[default\:off\]]:TUI_ICMP_EXTENSION_MODE:((off\:"Donotshow\`icmp\`extensions"mpls\:"ShowMPLSlabel(s)only"full\:"Showfull\`icmp\`extensiondataforallknownextensions"all\:"Showfull\`icmp\`extensiondataforallclasses"))'\'--tui-geoip-mode=[HowtorenderGeoIpinformation\[default\:short\]]:TUI_GEOIP_MODE:((off\:"DonotdisplayGeoIpdata"short\:"Showshortformat"long\:"Showlongformat"location\:"ShowlatitudeandLongitudeformat"))'\'-M+[Themaximumnumberofaddressestoshowperhop\[default\:auto\]]:TUI_MAX_ADDRS:_default'\'--tui-max-addrs=[Themaximumnumberofaddressestoshowperhop\[default\:auto\]]:TUI_MAX_ADDRS:_default'\'--tui-refresh-rate=[TheTUIrefreshrate\[default\:100ms\]]:TUI_REFRESH_RATE:_default'\'--tui-privacy-max-ttl=[Themaximumttlofhopswhichwillbemaskedforprivacy\[default\:none\]]:TUI_PRIVACY_MAX_TTL:_default'\'--tui-locale=[ThelocaletousefortheTUI\[default\:auto\]]:TUI_LOCALE:_default'\'--tui-timezone=[ThetimezonetousefortheTUI\[default\:auto\]]:TUI_TIMEZONE:_default'\'*--tui-theme-colors=[TheTUIthemecolors\[item=color,item=color,..\]]:TUI_THEME_COLORS:_default'\'*--tui-key-bindings=[TheTUIkeybindings\[command=key,command=key,..\]]:TUI_KEY_BINDINGS:_default'\'-C+[Thenumberofreportcyclestorun\[default\:10\]]:REPORT_CYCLES:_default'\'--report-cycles=[Thenumberofreportcyclestorun\[default\:10\]]:REPORT_CYCLES:_default'\'-G+[ThesupportedMaxMindorIPinfoGeoIpmmdbfile]:GEOIP_MMDB_FILE:_files'\'--geoip-mmdb-file=[ThesupportedMaxMindorIPinfoGeoIpmmdbfile]:GEOIP_MMDB_FILE:_files'\'--generate=[Generateshellcompletion]:GENERATE:(bashelvishfishpowershellzsh)'\'--log-format=[Thedebuglogformat\[default\:pretty\]]:LOG_FORMAT:((compact\:"Displaylogdatainacompactformat"pretty\:"Displaylogdatainaprettyformat"json\:"Displaylogdatainajsonformat"chrome\:"DisplaylogdatainChrometraceformat"))'\'--log-filter=[Thedebuglogfilter\[default\:trippy=debug\]]:LOG_FILTER:_default'\'--log-span-events=[Thedebuglogformat\[default\:off\]]:LOG_SPAN_EVENTS:((off\:"Donotdisplayeventspans"active\:"Displayenterandexiteventspans"full\:"Displayalleventspans"))'\'-u[Tracewithoutrequiringelevatedprivilegesonsupportedplatforms\[default\:false\]]'\'--unprivileged[Tracewithoutrequiringelevatedprivilegesonsupportedplatforms\[default\:false\]]'\'(-p--protocol--tcp--icmp)--udp[TraceusingtheUDPprotocol]'\'(-p--protocol--udp--icmp)--tcp[TraceusingtheTCPprotocol]'\'(-p--protocol--udp--tcp)--icmp[TraceusingtheICMPprotocol]'\'(-6--ipv6-F--addr-family)-4[UseIPv4only]'\'(-6--ipv6-F--addr-family)--ipv4[UseIPv4only]'\'(-4--ipv4-F--addr-family)-6[UseIPv6only]'\'(-4--ipv4-F--addr-family)--ipv6[UseIPv6only]'\'-e[ParseICMPextensions]'\'--icmp-extensions[ParseICMPextensions]'\'-y[TracetoallIPsresolvedfromDNSlookup\[default\:false\]]'\'--dns-resolve-all[TracetoallIPsresolvedfromDNSlookup\[default\:false\]]'\'-z[Lookupautonomoussystem(AS)informationduringDNSqueries\[default\:false\]]'\'--dns-lookup-as-info[Lookupautonomoussystem(AS)informationduringDNSqueries\[default\:false\]]'\'--tui-preserve-screen[Preservethescreenonexit\[default\:false\]]'\'--print-tui-theme-items[PrintallTUIthemeitemsandexit]'\'--print-tui-binding-commands[PrintallTUIcommandsthatcanbeboundandexit]'\'--generate-man[GenerateROFFmanpage]'\'--print-config-template[Printatemplatetomlconfigfileandexit]'\'--print-locales[PrintallavailableTUIlocalesandexit]'\'-v[Enableverbosedebuglogging]'\'--verbose[Enableverbosedebuglogging]'\'-h[Printhelp(seemorewith'\''--help'\'')]'\'--help[Printhelp(seemorewith'\''--help'\'')]'\'-V[Printversion]'\'--version[Printversion]'\'*::targets--AspacedelimitedlistofhostnamesandIPstotrace:_default'\&&ret=0}(($+functions[_trip_commands]))||_trip_commands(){localcommands;commands=()_describe-tcommands'tripcommands'commands"$@"}if["$funcstack[1]"="_trip"];then_trip"$@"elsecompdef_triptripfi
