---
source: crates/trippy-tui/src/print.rs
---
usebuiltin;usestr;setedit:completion:arg-completer[trip]={|@words|fnspaces{|n|builtin:repeat$n''|str:join''}fncand{|textdesc|edit:complex-candidate$text&display=$text''(spaces(-14(wcswidth$text)))$desc}varcommand='trip'forword$words[1..-1]{if(str:has-prefix$word'-'){break}setcommand=$command';'$word}varcompletions=[&'trip'={cand-c'Configfile'cand--config-file'Configfile'cand-m'Outputmode[default:tui]'cand--mode'Outputmode[default:tui]'cand-p'Tracingprotocol[default:icmp]'cand--protocol'Tracingprotocol[default:icmp]'cand-F'Theaddressfamily[default:system]'cand--addr-family'Theaddressfamily[default:system]'cand-P'Thetargetport(TCP&UDPonly)[default:80]'cand--target-port'Thetargetport(TCP&UDPonly)[default:80]'cand-S'Thesourceport(TCP&UDPonly)[default:auto]'cand--source-port'Thesourceport(TCP&UDPonly)[default:auto]'cand-A'ThesourceIPaddress[default:auto]'cand--source-address'ThesourceIPaddress[default:auto]'cand-I'Thenetworkinterface[default:auto]'cand--interface'Thenetworkinterface[default:auto]'cand-i'Theminimumdurationofeveryround[default:1s]'cand--min-round-duration'Theminimumdurationofeveryround[default:1s]'cand-T'Themaximumdurationofeveryround[default:1s]'cand--max-round-duration'Themaximumdurationofeveryround[default:1s]'cand-g'TheperiodoftimetowaitforadditionalICMPresponsesafterthetargethasresponded[default:100ms]'cand--grace-duration'TheperiodoftimetowaitforadditionalICMPresponsesafterthetargethasresponded[default:100ms]'cand--initial-sequence'Theinitialsequencenumber[default:33434]'cand-R'TheEqual-costMulti-Pathroutingstrategy(UDPonly)[default:classic]'cand--multipath-strategy'TheEqual-costMulti-Pathroutingstrategy(UDPonly)[default:classic]'cand-U'Themaximumnumberofin-flightICMPechorequests[default:24]'cand--max-inflight'Themaximumnumberofin-flightICMPechorequests[default:24]'cand-f'TheTTLtostartfrom[default:1]'cand--first-ttl'TheTTLtostartfrom[default:1]'cand-t'ThemaximumnumberofTTLhops[default:64]'cand--max-ttl'ThemaximumnumberofTTLhops[default:64]'cand--packet-size'ThesizeofIPpackettosend(IPheader+ICMPheader+payload)[default:84]'cand--payload-pattern'TherepeatingpatterninthepayloadoftheICMPpacket[default:0]'cand-Q'TheTOS(i.e.DSCP+ECN)IPheadervalue(IPv4only)[default:0]'cand--tos'TheTOS(i.e.DSCP+ECN)IPheadervalue(IPv4only)[default:0]'cand--read-timeout'Thesocketreadtimeout[default:10ms]'cand-r'HowtoperformDNSqueries[default:system]'cand--dns-resolve-method'HowtoperformDNSqueries[default:system]'cand--dns-timeout'ThemaximumtimetowaittoperformDNSqueries[default:5s]'cand--dns-ttl'Thetime-to-live(TTL)ofDNSentries[default:300s]'cand-s'Themaximumnumberofsamplestorecordperhop[default:256]'cand--max-samples'Themaximumnumberofsamplestorecordperhop[default:256]'cand--max-flows'Themaximumnumberofflowstorecord[default:64]'cand-a'Howtorenderaddresses[default:host]'cand--tui-address-mode'Howtorenderaddresses[default:host]'cand--tui-as-mode'Howtorenderautonomoussystem(AS)information[default:asn]'cand--tui-custom-columns'CustomcolumnstobedisplayedintheTUIhopstable[default:holsravbwdt]'cand--tui-icmp-extension-mode'HowtorenderICMPextensions[default:off]'cand--tui-geoip-mode'HowtorenderGeoIpinformation[default:short]'cand-M'Themaximumnumberofaddressestoshowperhop[default:auto]'cand--tui-max-addrs'Themaximumnumberofaddressestoshowperhop[default:auto]'cand--tui-refresh-rate'TheTUIrefreshrate[default:100ms]'cand--tui-privacy-max-ttl'Themaximumttlofhopswhichwillbemaskedforprivacy[default:none]'cand--tui-locale'ThelocaletousefortheTUI[default:auto]'cand--tui-timezone'ThetimezonetousefortheTUI[default:auto]'cand--tui-theme-colors'TheTUIthemecolors[item=color,item=color,..]'cand--tui-key-bindings'TheTUIkeybindings[command=key,command=key,..]'cand-C'Thenumberofreportcyclestorun[default:10]'cand--report-cycles'Thenumberofreportcyclestorun[default:10]'cand-G'ThesupportedMaxMindorIPinfoGeoIpmmdbfile'cand--geoip-mmdb-file'ThesupportedMaxMindorIPinfoGeoIpmmdbfile'cand--generate'Generateshellcompletion'cand--log-format'Thedebuglogformat[default:pretty]'cand--log-filter'Thedebuglogfilter[default:trippy=debug]'cand--log-span-events'Thedebuglogformat[default:off]'cand-u'Tracewithoutrequiringelevatedprivilegesonsupportedplatforms[default:false]'cand--unprivileged'Tracewithoutrequiringelevatedprivilegesonsupportedplatforms[default:false]'cand--udp'TraceusingtheUDPprotocol'cand--tcp'TraceusingtheTCPprotocol'cand--icmp'TraceusingtheICMPprotocol'cand-4'UseIPv4only'cand--ipv4'UseIPv4only'cand-6'UseIPv6only'cand--ipv6'UseIPv6only'cand-e'ParseICMPextensions'cand--icmp-extensions'ParseICMPextensions'cand-y'TracetoallIPsresolvedfromDNSlookup[default:false]'cand--dns-resolve-all'TracetoallIPsresolvedfromDNSlookup[default:false]'cand-z'Lookupautonomoussystem(AS)informationduringDNSqueries[default:false]'cand--dns-lookup-as-info'Lookupautonomoussystem(AS)informationduringDNSqueries[default:false]'cand--tui-preserve-screen'Preservethescreenonexit[default:false]'cand--print-tui-theme-items'PrintallTUIthemeitemsandexit'cand--print-tui-binding-commands'PrintallTUIcommandsthatcanbeboundandexit'cand--generate-man'GenerateROFFmanpage'cand--print-config-template'Printatemplatetomlconfigfileandexit'cand--print-locales'PrintallavailableTUIlocalesandexit'cand-v'Enableverbosedebuglogging'cand--verbose'Enableverbosedebuglogging'cand-h'Printhelp(seemorewith''--help'')'cand--help'Printhelp(seemorewith''--help'')'cand-V'Printversion'cand--version'Printversion'}]$completions[$command]}
