---
source: crates/trippy-tui/src/print.rs
---
TUIthemecoloritems:bg-color,border-color,text-color,tab-text-color,hops-table-header-bg-color,hops-table-header-text-color,hops-table-row-active-text-color,hops-table-row-inactive-text-color,hops-chart-selected-color,hops-chart-unselected-color,hops-chart-axis-color,frequency-chart-bar-color,frequency-chart-text-color,flows-chart-bar-selected-color,flows-chart-bar-unselected-color,flows-chart-text-current-color,flows-chart-text-non-current-color,samples-chart-color,samples-chart-lost-color,help-dialog-bg-color,help-dialog-text-color,settings-tab-text-color,settings-dialog-bg-color,settings-table-header-text-color,settings-table-header-bg-color,settings-table-row-text-color,map-world-color,map-radius-color,map-selected-color,map-info-panel-border-color,map-info-panel-bg-color,map-info-panel-text-color,info-bar-bg-color,info-bar-text-color
