---
source: crates/trippy-tui/src/print.rs
---
_trip(){localicurprevoptscmdCOMPREPLY=()if[["${BASH_VERSINFO[0]}"-ge4]];thencur="$2"elsecur="${COMP_WORDS[COMP_CWORD]}"fiprev="$3"cmd=""opts=""foriin"${COMP_WORDS[@]:0:COMP_CWORD}"docase"${cmd},${i}"in",$1")cmd="trip";;*);;esacdonecase"${cmd}"intrip)opts="-c-m-u-p-F-4-6-P-S-A-I-i-T-g-R-U-f-t-Q-e-r-y-z-s-a-M-C-G-v-h-V--config-file--mode--unprivileged--protocol--udp--tcp--icmp--addr-family--ipv4--ipv6--target-port--source-port--source-address--interface--min-round-duration--max-round-duration--grace-duration--initial-sequence--multipath-strategy--max-inflight--first-ttl--max-ttl--packet-size--payload-pattern--tos--icmp-extensions--read-timeout--dns-resolve-method--dns-resolve-all--dns-timeout--dns-ttl--dns-lookup-as-info--max-samples--max-flows--tui-address-mode--tui-as-mode--tui-custom-columns--tui-icmp-extension-mode--tui-geoip-mode--tui-max-addrs--tui-preserve-screen--tui-refresh-rate--tui-privacy-max-ttl--tui-locale--tui-timezone--tui-theme-colors--print-tui-theme-items--tui-key-bindings--print-tui-binding-commands--report-cycles--geoip-mmdb-file--generate--generate-man--print-config-template--print-locales--log-format--log-filter--log-span-events--verbose--help--version[TARGETS]..."if[[${cur}==-*||${COMP_CWORD}-eq1]];thenCOMPREPLY=($(compgen-W"${opts}"--"${cur}"))return0ficase"${prev}"in--config-file)localoldifsif[-n"${IFS+x}"];thenoldifs="$IFS"fiIFS=$'\n'COMPREPLY=($(compgen-f"${cur}"))if[-n"${oldifs+x}"];thenIFS="$oldifs"fiif[["${BASH_VERSINFO[0]}"-ge4]];thencompopt-ofilenamesfireturn0;;-c)localoldifsif[-n"${IFS+x}"];thenoldifs="$IFS"fiIFS=$'\n'COMPREPLY=($(compgen-f"${cur}"))if[-n"${oldifs+x}"];thenIFS="$oldifs"fiif[["${BASH_VERSINFO[0]}"-ge4]];thencompopt-ofilenamesfireturn0;;--mode)COMPREPLY=($(compgen-W"tuistreamprettymarkdowncsvjsondotflowssilent"--"${cur}"))return0;;-m)COMPREPLY=($(compgen-W"tuistreamprettymarkdowncsvjsondotflowssilent"--"${cur}"))return0;;--protocol)COMPREPLY=($(compgen-W"icmpudptcp"--"${cur}"))return0;;-p)COMPREPLY=($(compgen-W"icmpudptcp"--"${cur}"))return0;;--addr-family)COMPREPLY=($(compgen-W"ipv4ipv6ipv6-then-ipv4ipv4-then-ipv6system"--"${cur}"))return0;;-F)COMPREPLY=($(compgen-W"ipv4ipv6ipv6-then-ipv4ipv4-then-ipv6system"--"${cur}"))return0;;--target-port)COMPREPLY=($(compgen-f"${cur}"))return0;;-P)COMPREPLY=($(compgen-f"${cur}"))return0;;--source-port)COMPREPLY=($(compgen-f"${cur}"))return0;;-S)COMPREPLY=($(compgen-f"${cur}"))return0;;--source-address)COMPREPLY=($(compgen-f"${cur}"))return0;;-A)COMPREPLY=($(compgen-f"${cur}"))return0;;--interface)COMPREPLY=($(compgen-f"${cur}"))return0;;-I)COMPREPLY=($(compgen-f"${cur}"))return0;;--min-round-duration)COMPREPLY=($(compgen-f"${cur}"))return0;;-i)COMPREPLY=($(compgen-f"${cur}"))return0;;--max-round-duration)COMPREPLY=($(compgen-f"${cur}"))return0;;-T)COMPREPLY=($(compgen-f"${cur}"))return0;;--grace-duration)COMPREPLY=($(compgen-f"${cur}"))return0;;-g)COMPREPLY=($(compgen-f"${cur}"))return0;;--initial-sequence)COMPREPLY=($(compgen-f"${cur}"))return0;;--multipath-strategy)COMPREPLY=($(compgen-W"classicparisdublin"--"${cur}"))return0;;-R)COMPREPLY=($(compgen-W"classicparisdublin"--"${cur}"))return0;;--max-inflight)COMPREPLY=($(compgen-f"${cur}"))return0;;-U)COMPREPLY=($(compgen-f"${cur}"))return0;;--first-ttl)COMPREPLY=($(compgen-f"${cur}"))return0;;-f)COMPREPLY=($(compgen-f"${cur}"))return0;;--max-ttl)COMPREPLY=($(compgen-f"${cur}"))return0;;-t)COMPREPLY=($(compgen-f"${cur}"))return0;;--packet-size)COMPREPLY=($(compgen-f"${cur}"))return0;;--payload-pattern)COMPREPLY=($(compgen-f"${cur}"))return0;;--tos)COMPREPLY=($(compgen-f"${cur}"))return0;;-Q)COMPREPLY=($(compgen-f"${cur}"))return0;;--read-timeout)COMPREPLY=($(compgen-f"${cur}"))return0;;--dns-resolve-method)COMPREPLY=($(compgen-W"systemresolvgooglecloudflare"--"${cur}"))return0;;-r)COMPREPLY=($(compgen-W"systemresolvgooglecloudflare"--"${cur}"))return0;;--dns-timeout)COMPREPLY=($(compgen-f"${cur}"))return0;;--dns-ttl)COMPREPLY=($(compgen-f"${cur}"))return0;;--max-samples)COMPREPLY=($(compgen-f"${cur}"))return0;;-s)COMPREPLY=($(compgen-f"${cur}"))return0;;--max-flows)COMPREPLY=($(compgen-f"${cur}"))return0;;--tui-address-mode)COMPREPLY=($(compgen-W"iphostboth"--"${cur}"))return0;;-a)COMPREPLY=($(compgen-W"iphostboth"--"${cur}"))return0;;--tui-as-mode)COMPREPLY=($(compgen-W"asnprefixcountry-coderegistryallocatedname"--"${cur}"))return0;;--tui-custom-columns)COMPREPLY=($(compgen-f"${cur}"))return0;;--tui-icmp-extension-mode)COMPREPLY=($(compgen-W"offmplsfullall"--"${cur}"))return0;;--tui-geoip-mode)COMPREPLY=($(compgen-W"offshortlonglocation"--"${cur}"))return0;;--tui-max-addrs)COMPREPLY=($(compgen-f"${cur}"))return0;;-M)COMPREPLY=($(compgen-f"${cur}"))return0;;--tui-refresh-rate)COMPREPLY=($(compgen-f"${cur}"))return0;;--tui-privacy-max-ttl)COMPREPLY=($(compgen-f"${cur}"))return0;;--tui-locale)COMPREPLY=($(compgen-f"${cur}"))return0;;--tui-timezone)COMPREPLY=($(compgen-f"${cur}"))return0;;--tui-theme-colors)COMPREPLY=($(compgen-f"${cur}"))return0;;--tui-key-bindings)COMPREPLY=($(compgen-f"${cur}"))return0;;--report-cycles)COMPREPLY=($(compgen-f"${cur}"))return0;;-C)COMPREPLY=($(compgen-f"${cur}"))return0;;--geoip-mmdb-file)localoldifsif[-n"${IFS+x}"];thenoldifs="$IFS"fiIFS=$'\n'COMPREPLY=($(compgen-f"${cur}"))if[-n"${oldifs+x}"];thenIFS="$oldifs"fiif[["${BASH_VERSINFO[0]}"-ge4]];thencompopt-ofilenamesfireturn0;;-G)localoldifsif[-n"${IFS+x}"];thenoldifs="$IFS"fiIFS=$'\n'COMPREPLY=($(compgen-f"${cur}"))if[-n"${oldifs+x}"];thenIFS="$oldifs"fiif[["${BASH_VERSINFO[0]}"-ge4]];thencompopt-ofilenamesfireturn0;;--generate)COMPREPLY=($(compgen-W"bashelvishfishpowershellzsh"--"${cur}"))return0;;--log-format)COMPREPLY=($(compgen-W"compactprettyjsonchrome"--"${cur}"))return0;;--log-filter)COMPREPLY=($(compgen-f"${cur}"))return0;;--log-span-events)COMPREPLY=($(compgen-W"offactivefull"--"${cur}"))return0;;*)COMPREPLY=();;esacCOMPREPLY=($(compgen-W"${opts}"--"${cur}"))return0;;esac}if[["${BASH_VERSINFO[0]}"-eq4&&"${BASH_VERSINFO[1]}"-ge4||"${BASH_VERSINFO[0]}"-gt4]];thencomplete-F_trip-onosort-obashdefault-odefaulttripelsecomplete-F_trip-obashdefault-odefaulttripfi
