---
source: crates/trippy-tui/src/print.rs
---
complete-ctrip-sc-lconfig-file-d'Configfile'-r-Fcomplete-ctrip-sm-lmode-d'Outputmode[default:tui]'-r-f-a"tui\t'DisplayinteractiveTUI'stream\t'Displayacontinuousstreamoftracingdata'pretty\t'GenerateaprettytexttablereportforNcycles'markdown\t'GenerateaMarkdowntexttablereportforNcycles'csv\t'GenerateaCSVreportforNcycles'json\t'GenerateaJSONreportforNcycles'dot\t'GenerateaGraphvizDOTfileforNcycles'flows\t'DisplayallflowsforNcycles'silent\t'DonotgenerateanytracingoutputforNcycles'"complete-ctrip-sp-lprotocol-d'Tracingprotocol[default:icmp]'-r-f-a"icmp\t'InternetControlMessageProtocol'udp\t'UserDatagramProtocol'tcp\t'TransmissionControlProtocol'"complete-ctrip-sF-laddr-family-d'Theaddressfamily[default:system]'-r-f-a"ipv4\t'IPv4only'ipv6\t'IPv6only'ipv6-then-ipv4\t'IPv6withafallbacktoIPv4'ipv4-then-ipv6\t'IPv4withafallbacktoIPv6'system\t'IftheOSresolverisbeingusedthenusethefirstIPaddressreturned,otherwiselookupIPv4withafallbacktoIPv6'"complete-ctrip-sP-ltarget-port-d'Thetargetport(TCP&UDPonly)[default:80]'-rcomplete-ctrip-sS-lsource-port-d'Thesourceport(TCP&UDPonly)[default:auto]'-rcomplete-ctrip-sA-lsource-address-d'ThesourceIPaddress[default:auto]'-rcomplete-ctrip-sI-linterface-d'Thenetworkinterface[default:auto]'-rcomplete-ctrip-si-lmin-round-duration-d'Theminimumdurationofeveryround[default:1s]'-rcomplete-ctrip-sT-lmax-round-duration-d'Themaximumdurationofeveryround[default:1s]'-rcomplete-ctrip-sg-lgrace-duration-d'TheperiodoftimetowaitforadditionalICMPresponsesafterthetargethasresponded[default:100ms]'-rcomplete-ctrip-linitial-sequence-d'Theinitialsequencenumber[default:33434]'-rcomplete-ctrip-sR-lmultipath-strategy-d'TheEqual-costMulti-Pathroutingstrategy(UDPonly)[default:classic]'-r-f-a"classic\t'Thesrcordestportisusedtostorethesequencenumber'paris\t'TheUDP`checksum`fieldisusedtostorethesequencenumber'dublin\t'TheIP`identifier`fieldisusedtostorethesequencenumber'"complete-ctrip-sU-lmax-inflight-d'Themaximumnumberofin-flightICMPechorequests[default:24]'-rcomplete-ctrip-sf-lfirst-ttl-d'TheTTLtostartfrom[default:1]'-rcomplete-ctrip-st-lmax-ttl-d'ThemaximumnumberofTTLhops[default:64]'-rcomplete-ctrip-lpacket-size-d'ThesizeofIPpackettosend(IPheader+ICMPheader+payload)[default:84]'-rcomplete-ctrip-lpayload-pattern-d'TherepeatingpatterninthepayloadoftheICMPpacket[default:0]'-rcomplete-ctrip-sQ-ltos-d'TheTOS(i.e.DSCP+ECN)IPheadervalue(IPv4only)[default:0]'-rcomplete-ctrip-lread-timeout-d'Thesocketreadtimeout[default:10ms]'-rcomplete-ctrip-sr-ldns-resolve-method-d'HowtoperformDNSqueries[default:system]'-r-f-a"system\t'ResolveusingtheOSresolver'resolv\t'Resolveusingthe`/etc/resolv.conf`DNSconfiguration'google\t'ResolveusingtheGoogle`8.8.8.8`DNSservice'cloudflare\t'ResolveusingtheCloudflare`1.1.1.1`DNSservice'"complete-ctrip-ldns-timeout-d'ThemaximumtimetowaittoperformDNSqueries[default:5s]'-rcomplete-ctrip-ldns-ttl-d'Thetime-to-live(TTL)ofDNSentries[default:300s]'-rcomplete-ctrip-ss-lmax-samples-d'Themaximumnumberofsamplestorecordperhop[default:256]'-rcomplete-ctrip-lmax-flows-d'Themaximumnumberofflowstorecord[default:64]'-rcomplete-ctrip-sa-ltui-address-mode-d'Howtorenderaddresses[default:host]'-r-f-a"ip\t'ShowIPaddressonly'host\t'Showreverse-lookupDNShostnameonly'both\t'ShowbothIPaddressandreverse-lookupDNShostname'"complete-ctrip-ltui-as-mode-d'Howtorenderautonomoussystem(AS)information[default:asn]'-r-f-a"asn\t'ShowtheASN'prefix\t'DisplaytheASprefix'country-code\t'Displaythecountrycode'registry\t'Displaytheregistryname'allocated\t'Displaytheallocateddate'name\t'DisplaytheASname'"complete-ctrip-ltui-custom-columns-d'CustomcolumnstobedisplayedintheTUIhopstable[default:holsravbwdt]'-rcomplete-ctrip-ltui-icmp-extension-mode-d'HowtorenderICMPextensions[default:off]'-r-f-a"off\t'Donotshow`icmp`extensions'mpls\t'ShowMPLSlabel(s)only'full\t'Showfull`icmp`extensiondataforallknownextensions'all\t'Showfull`icmp`extensiondataforallclasses'"complete-ctrip-ltui-geoip-mode-d'HowtorenderGeoIpinformation[default:short]'-r-f-a"off\t'DonotdisplayGeoIpdata'short\t'Showshortformat'long\t'Showlongformat'location\t'ShowlatitudeandLongitudeformat'"complete-ctrip-sM-ltui-max-addrs-d'Themaximumnumberofaddressestoshowperhop[default:auto]'-rcomplete-ctrip-ltui-refresh-rate-d'TheTUIrefreshrate[default:100ms]'-rcomplete-ctrip-ltui-privacy-max-ttl-d'Themaximumttlofhopswhichwillbemaskedforprivacy[default:none]'-rcomplete-ctrip-ltui-locale-d'ThelocaletousefortheTUI[default:auto]'-rcomplete-ctrip-ltui-timezone-d'ThetimezonetousefortheTUI[default:auto]'-rcomplete-ctrip-ltui-theme-colors-d'TheTUIthemecolors[item=color,item=color,..]'-rcomplete-ctrip-ltui-key-bindings-d'TheTUIkeybindings[command=key,command=key,..]'-rcomplete-ctrip-sC-lreport-cycles-d'Thenumberofreportcyclestorun[default:10]'-rcomplete-ctrip-sG-lgeoip-mmdb-file-d'ThesupportedMaxMindorIPinfoGeoIpmmdbfile'-r-Fcomplete-ctrip-lgenerate-d'Generateshellcompletion'-r-f-a"bash\t''elvish\t''fish\t''powershell\t''zsh\t''"complete-ctrip-llog-format-d'Thedebuglogformat[default:pretty]'-r-f-a"compact\t'Displaylogdatainacompactformat'pretty\t'Displaylogdatainaprettyformat'json\t'Displaylogdatainajsonformat'chrome\t'DisplaylogdatainChrometraceformat'"complete-ctrip-llog-filter-d'Thedebuglogfilter[default:trippy=debug]'-rcomplete-ctrip-llog-span-events-d'Thedebuglogformat[default:off]'-r-f-a"off\t'Donotdisplayeventspans'active\t'Displayenterandexiteventspans'full\t'Displayalleventspans'"complete-ctrip-su-lunprivileged-d'Tracewithoutrequiringelevatedprivilegesonsupportedplatforms[default:false]'complete-ctrip-ludp-d'TraceusingtheUDPprotocol'complete-ctrip-ltcp-d'TraceusingtheTCPprotocol'complete-ctrip-licmp-d'TraceusingtheICMPprotocol'complete-ctrip-s4-lipv4-d'UseIPv4only'complete-ctrip-s6-lipv6-d'UseIPv6only'complete-ctrip-se-licmp-extensions-d'ParseICMPextensions'complete-ctrip-sy-ldns-resolve-all-d'TracetoallIPsresolvedfromDNSlookup[default:false]'complete-ctrip-sz-ldns-lookup-as-info-d'Lookupautonomoussystem(AS)informationduringDNSqueries[default:false]'complete-ctrip-ltui-preserve-screen-d'Preservethescreenonexit[default:false]'complete-ctrip-lprint-tui-theme-items-d'PrintallTUIthemeitemsandexit'complete-ctrip-lprint-tui-binding-commands-d'PrintallTUIcommandsthatcanbeboundandexit'complete-ctrip-lgenerate-man-d'GenerateROFFmanpage'complete-ctrip-lprint-config-template-d'Printatemplatetomlconfigfileandexit'complete-ctrip-lprint-locales-d'PrintallavailableTUIlocalesandexit'complete-ctrip-sv-lverbose-d'Enableverbosedebuglogging'complete-ctrip-sh-lhelp-d'Printhelp(seemorewith\'--help\')'complete-ctrip-sV-lversion-d'Printversion'
