---
source: crates/trippy-tui/src/print.rs
---
.ie\n(.g.dsAq\(aq.el.dsAq'.THtrip1"trip0.14.0-dev".SHNAMEtrip\-Anetworkdiagnostictool.SHSYNOPSIS\fBtrip\fR[\fB\-c\fR|\fB\-\-config\-file\fR][\fB\-m\fR|\fB\-\-mode\fR][\fB\-u\fR|\fB\-\-unprivileged\fR][\fB\-p\fR|\fB\-\-protocol\fR][\fB\-\-udp\fR][\fB\-\-tcp\fR][\fB\-\-icmp\fR][\fB\-F\fR|\fB\-\-addr\-family\fR][\fB\-4\fR|\fB\-\-ipv4\fR][\fB\-6\fR|\fB\-\-ipv6\fR][\fB\-P\fR|\fB\-\-target\-port\fR][\fB\-S\fR|\fB\-\-source\-port\fR][\fB\-A\fR|\fB\-\-source\-address\fR][\fB\-I\fR|\fB\-\-interface\fR][\fB\-i\fR|\fB\-\-min\-round\-duration\fR][\fB\-T\fR|\fB\-\-max\-round\-duration\fR][\fB\-g\fR|\fB\-\-grace\-duration\fR][\fB\-\-initial\-sequence\fR][\fB\-R\fR|\fB\-\-multipath\-strategy\fR][\fB\-U\fR|\fB\-\-max\-inflight\fR][\fB\-f\fR|\fB\-\-first\-ttl\fR][\fB\-t\fR|\fB\-\-max\-ttl\fR][\fB\-\-packet\-size\fR][\fB\-\-payload\-pattern\fR][\fB\-Q\fR|\fB\-\-tos\fR][\fB\-e\fR|\fB\-\-icmp\-extensions\fR][\fB\-\-read\-timeout\fR][\fB\-r\fR|\fB\-\-dns\-resolve\-method\fR][\fB\-y\fR|\fB\-\-dns\-resolve\-all\fR][\fB\-\-dns\-timeout\fR][\fB\-\-dns\-ttl\fR][\fB\-z\fR|\fB\-\-dns\-lookup\-as\-info\fR][\fB\-s\fR|\fB\-\-max\-samples\fR][\fB\-\-max\-flows\fR][\fB\-a\fR|\fB\-\-tui\-address\-mode\fR][\fB\-\-tui\-as\-mode\fR][\fB\-\-tui\-custom\-columns\fR][\fB\-\-tui\-icmp\-extension\-mode\fR][\fB\-\-tui\-geoip\-mode\fR][\fB\-M\fR|\fB\-\-tui\-max\-addrs\fR][\fB\-\-tui\-preserve\-screen\fR][\fB\-\-tui\-refresh\-rate\fR][\fB\-\-tui\-privacy\-max\-ttl\fR][\fB\-\-tui\-locale\fR][\fB\-\-tui\-timezone\fR][\fB\-\-tui\-theme\-colors\fR][\fB\-\-print\-tui\-theme\-items\fR][\fB\-\-tui\-key\-bindings\fR][\fB\-\-print\-tui\-binding\-commands\fR][\fB\-C\fR|\fB\-\-report\-cycles\fR][\fB\-G\fR|\fB\-\-geoip\-mmdb\-file\fR][\fB\-\-generate\fR][\fB\-\-generate\-man\fR][\fB\-\-print\-config\-template\fR][\fB\-\-print\-locales\fR][\fB\-\-log\-format\fR][\fB\-\-log\-filter\fR][\fB\-\-log\-span\-events\fR][\fB\-v\fR|\fB\-\-verbose\fR][\fB\-h\fR|\fB\-\-help\fR][\fB\-V\fR|\fB\-\-version\fR][\fITARGETS\fR].SHDESCRIPTIONAnetworkdiagnostictool.SHOPTIONS.TP\fB\-c\fR,\fB\-\-config\-file\fR=\fICONFIG_FILE\fRConfigfile.TP\fB\-m\fR,\fB\-\-mode\fR=\fIMODE\fROutputmode[default:tui].br.br\fIPossiblevalues:\fR.RS14.IP\(bu2tui:DisplayinteractiveTUI.IP\(bu2stream:Displayacontinuousstreamoftracingdata.IP\(bu2pretty:GenerateaprettytexttablereportforNcycles.IP\(bu2markdown:GenerateaMarkdowntexttablereportforNcycles.IP\(bu2csv:GenerateaCSVreportforNcycles.IP\(bu2json:GenerateaJSONreportforNcycles.IP\(bu2dot:GenerateaGraphvizDOTfileforNcycles.IP\(bu2flows:DisplayallflowsforNcycles.IP\(bu2silent:DonotgenerateanytracingoutputforNcycles.RE.TP\fB\-u\fR,\fB\-\-unprivileged\fRTracewithoutrequiringelevatedprivilegesonsupportedplatforms[default:false].TP\fB\-p\fR,\fB\-\-protocol\fR=\fIPROTOCOL\fRTracingprotocol[default:icmp].br.br\fIPossiblevalues:\fR.RS14.IP\(bu2icmp:InternetControlMessageProtocol.IP\(bu2udp:UserDatagramProtocol.IP\(bu2tcp:TransmissionControlProtocol.RE.TP\fB\-\-udp\fRTraceusingtheUDPprotocol.TP\fB\-\-tcp\fRTraceusingtheTCPprotocol.TP\fB\-\-icmp\fRTraceusingtheICMPprotocol.TP\fB\-F\fR,\fB\-\-addr\-family\fR=\fIADDR_FAMILY\fRTheaddressfamily[default:system].br.br\fIPossiblevalues:\fR.RS14.IP\(bu2ipv4:IPv4only.IP\(bu2ipv6:IPv6only.IP\(bu2ipv6\-then\-ipv4:IPv6withafallbacktoIPv4.IP\(bu2ipv4\-then\-ipv6:IPv4withafallbacktoIPv6.IP\(bu2system:IftheOSresolverisbeingusedthenusethefirstIPaddressreturned,otherwiselookupIPv4withafallbacktoIPv6.RE.TP\fB\-4\fR,\fB\-\-ipv4\fRUseIPv4only.TP\fB\-6\fR,\fB\-\-ipv6\fRUseIPv6only.TP\fB\-P\fR,\fB\-\-target\-port\fR=\fITARGET_PORT\fRThetargetport(TCP&UDPonly)[default:80].TP\fB\-S\fR,\fB\-\-source\-port\fR=\fISOURCE_PORT\fRThesourceport(TCP&UDPonly)[default:auto].TP\fB\-A\fR,\fB\-\-source\-address\fR=\fISOURCE_ADDRESS\fRThesourceIPaddress[default:auto].TP\fB\-I\fR,\fB\-\-interface\fR=\fIINTERFACE\fRThenetworkinterface[default:auto].TP\fB\-i\fR,\fB\-\-min\-round\-duration\fR=\fIMIN_ROUND_DURATION\fRTheminimumdurationofeveryround[default:1s].TP\fB\-T\fR,\fB\-\-max\-round\-duration\fR=\fIMAX_ROUND_DURATION\fRThemaximumdurationofeveryround[default:1s].TP\fB\-g\fR,\fB\-\-grace\-duration\fR=\fIGRACE_DURATION\fRTheperiodoftimetowaitforadditionalICMPresponsesafterthetargethasresponded[default:100ms].TP\fB\-\-initial\-sequence\fR=\fIINITIAL_SEQUENCE\fRTheinitialsequencenumber[default:33434].TP\fB\-R\fR,\fB\-\-multipath\-strategy\fR=\fIMULTIPATH_STRATEGY\fRTheEqual\-costMulti\-Pathroutingstrategy(UDPonly)[default:classic].br.br\fIPossiblevalues:\fR.RS14.IP\(bu2classic:Thesrcordestportisusedtostorethesequencenumber.IP\(bu2paris:TheUDP`checksum`fieldisusedtostorethesequencenumber.IP\(bu2dublin:TheIP`identifier`fieldisusedtostorethesequencenumber.RE.TP\fB\-U\fR,\fB\-\-max\-inflight\fR=\fIMAX_INFLIGHT\fRThemaximumnumberofin\-flightICMPechorequests[default:24].TP\fB\-f\fR,\fB\-\-first\-ttl\fR=\fIFIRST_TTL\fRTheTTLtostartfrom[default:1].TP\fB\-t\fR,\fB\-\-max\-ttl\fR=\fIMAX_TTL\fRThemaximumnumberofTTLhops[default:64].TP\fB\-\-packet\-size\fR=\fIPACKET_SIZE\fRThesizeofIPpackettosend(IPheader+ICMPheader+payload)[default:84].TP\fB\-\-payload\-pattern\fR=\fIPAYLOAD_PATTERN\fRTherepeatingpatterninthepayloadoftheICMPpacket[default:0].TP\fB\-Q\fR,\fB\-\-tos\fR=\fITOS\fRTheTOS(i.e.DSCP+ECN)IPheadervalue(IPv4only)[default:0].TP\fB\-e\fR,\fB\-\-icmp\-extensions\fRParseICMPextensions.TP\fB\-\-read\-timeout\fR=\fIREAD_TIMEOUT\fRThesocketreadtimeout[default:10ms].TP\fB\-r\fR,\fB\-\-dns\-resolve\-method\fR=\fIDNS_RESOLVE_METHOD\fRHowtoperformDNSqueries[default:system].br.br\fIPossiblevalues:\fR.RS14.IP\(bu2system:ResolveusingtheOSresolver.IP\(bu2resolv:Resolveusingthe`/etc/resolv.conf`DNSconfiguration.IP\(bu2google:ResolveusingtheGoogle`8.8.8.8`DNSservice.IP\(bu2cloudflare:ResolveusingtheCloudflare`1.1.1.1`DNSservice.RE.TP\fB\-y\fR,\fB\-\-dns\-resolve\-all\fRTracetoallIPsresolvedfromDNSlookup[default:false].TP\fB\-\-dns\-timeout\fR=\fIDNS_TIMEOUT\fRThemaximumtimetowaittoperformDNSqueries[default:5s].TP\fB\-\-dns\-ttl\fR=\fIDNS_TTL\fRThetime\-to\-live(TTL)ofDNSentries[default:300s].TP\fB\-z\fR,\fB\-\-dns\-lookup\-as\-info\fRLookupautonomoussystem(AS)informationduringDNSqueries[default:false].TP\fB\-s\fR,\fB\-\-max\-samples\fR=\fIMAX_SAMPLES\fRThemaximumnumberofsamplestorecordperhop[default:256].TP\fB\-\-max\-flows\fR=\fIMAX_FLOWS\fRThemaximumnumberofflowstorecord[default:64].TP\fB\-a\fR,\fB\-\-tui\-address\-mode\fR=\fITUI_ADDRESS_MODE\fRHowtorenderaddresses[default:host].br.br\fIPossiblevalues:\fR.RS14.IP\(bu2ip:ShowIPaddressonly.IP\(bu2host:Showreverse\-lookupDNShostnameonly.IP\(bu2both:ShowbothIPaddressandreverse\-lookupDNShostname.RE.TP\fB\-\-tui\-as\-mode\fR=\fITUI_AS_MODE\fRHowtorenderautonomoussystem(AS)information[default:asn].br.br\fIPossiblevalues:\fR.RS14.IP\(bu2asn:ShowtheASN.IP\(bu2prefix:DisplaytheASprefix.IP\(bu2country\-code:Displaythecountrycode.IP\(bu2registry:Displaytheregistryname.IP\(bu2allocated:Displaytheallocateddate.IP\(bu2name:DisplaytheASname.RE.TP\fB\-\-tui\-custom\-columns\fR=\fITUI_CUSTOM_COLUMNS\fRCustomcolumnstobedisplayedintheTUIhopstable[default:holsravbwdt].TP\fB\-\-tui\-icmp\-extension\-mode\fR=\fITUI_ICMP_EXTENSION_MODE\fRHowtorenderICMPextensions[default:off].br.br\fIPossiblevalues:\fR.RS14.IP\(bu2off:Donotshow`icmp`extensions.IP\(bu2mpls:ShowMPLSlabel(s)only.IP\(bu2full:Showfull`icmp`extensiondataforallknownextensions.IP\(bu2all:Showfull`icmp`extensiondataforallclasses.RE.TP\fB\-\-tui\-geoip\-mode\fR=\fITUI_GEOIP_MODE\fRHowtorenderGeoIpinformation[default:short].br.br\fIPossiblevalues:\fR.RS14.IP\(bu2off:DonotdisplayGeoIpdata.IP\(bu2short:Showshortformat.IP\(bu2long:Showlongformat.IP\(bu2location:ShowlatitudeandLongitudeformat.RE.TP\fB\-M\fR,\fB\-\-tui\-max\-addrs\fR=\fITUI_MAX_ADDRS\fRThemaximumnumberofaddressestoshowperhop[default:auto].TP\fB\-\-tui\-preserve\-screen\fRPreservethescreenonexit[default:false].TP\fB\-\-tui\-refresh\-rate\fR=\fITUI_REFRESH_RATE\fRTheTUIrefreshrate[default:100ms].TP\fB\-\-tui\-privacy\-max\-ttl\fR=\fITUI_PRIVACY_MAX_TTL\fRThemaximumttlofhopswhichwillbemaskedforprivacy[default:none]Ifset,thesourceIPaddressandhostnamewillalsobehidden..TP\fB\-\-tui\-locale\fR=\fITUI_LOCALE\fRThelocaletousefortheTUI[default:auto].TP\fB\-\-tui\-timezone\fR=\fITUI_TIMEZONE\fRThetimezonetousefortheTUI[default:auto]ThetimezonemustbeavalidIANAtimezoneidentifier..TP\fB\-\-tui\-theme\-colors\fR=\fITUI_THEME_COLORS\fRTheTUIthemecolors[item=color,item=color,..].TP\fB\-\-print\-tui\-theme\-items\fRPrintallTUIthemeitemsandexit.TP\fB\-\-tui\-key\-bindings\fR=\fITUI_KEY_BINDINGS\fRTheTUIkeybindings[command=key,command=key,..].TP\fB\-\-print\-tui\-binding\-commands\fRPrintallTUIcommandsthatcanbeboundandexit.TP\fB\-C\fR,\fB\-\-report\-cycles\fR=\fIREPORT_CYCLES\fRThenumberofreportcyclestorun[default:10].TP\fB\-G\fR,\fB\-\-geoip\-mmdb\-file\fR=\fIGEOIP_MMDB_FILE\fRThesupportedMaxMindorIPinfoGeoIpmmdbfile.TP\fB\-\-generate\fR=\fIGENERATE\fRGenerateshellcompletion.br.br[\fIpossiblevalues:\fRbash,elvish,fish,powershell,zsh].TP\fB\-\-generate\-man\fRGenerateROFFmanpage.TP\fB\-\-print\-config\-template\fRPrintatemplatetomlconfigfileandexit.TP\fB\-\-print\-locales\fRPrintallavailableTUIlocalesandexit.TP\fB\-\-log\-format\fR=\fILOG_FORMAT\fRThedebuglogformat[default:pretty].br.br\fIPossiblevalues:\fR.RS14.IP\(bu2compact:Displaylogdatainacompactformat.IP\(bu2pretty:Displaylogdatainaprettyformat.IP\(bu2json:Displaylogdatainajsonformat.IP\(bu2chrome:DisplaylogdatainChrometraceformat.RE.TP\fB\-\-log\-filter\fR=\fILOG_FILTER\fRThedebuglogfilter[default:trippy=debug].TP\fB\-\-log\-span\-events\fR=\fILOG_SPAN_EVENTS\fRThedebuglogformat[default:off].br.br\fIPossiblevalues:\fR.RS14.IP\(bu2off:Donotdisplayeventspans.IP\(bu2active:Displayenterandexiteventspans.IP\(bu2full:Displayalleventspans.RE.TP\fB\-v\fR,\fB\-\-verbose\fREnableverbosedebuglogging.TP\fB\-h\fR,\fB\-\-help\fRPrinthelp(seeasummarywith\*(Aq\-h\*(Aq).TP\fB\-V\fR,\fB\-\-version\fRPrintversion.TP[\fITARGETS\fR]AspacedelimitedlistofhostnamesandIPstotrace.SHVERSIONv0.14.0\-dev.SHAUTHORSFujiApple<fujiapple852@gmail.com>
