---
source: crates/trippy-tui/src/config.rs
---
AnetworkdiagnostictoolUsage:trip[OPTIONS][TARGETS]...Arguments:[TARGETS]...AspacedelimitedlistofhostnamesandIPstotraceOptions:-c,--config-file<CONFIG_FILE>Configfile-m,--mode<MODE>Outputmode[default:tui][possiblevalues:tui,stream,pretty,markdown,csv,json,dot,flows,silent]-u,--unprivilegedTracewithoutrequiringelevatedprivilegesonsupportedplatforms[default:false]-p,--protocol<PROTOCOL>Tracingprotocol[default:icmp][possiblevalues:icmp,udp,tcp]--udpTraceusingtheUDPprotocol--tcpTraceusingtheTCPprotocol--icmpTraceusingtheICMPprotocol-F,--addr-family<ADDR_FAMILY>Theaddressfamily[default:system][possiblevalues:ipv4,ipv6,ipv6-then-ipv4,ipv4-then-ipv6,system]-4,--ipv4UseIPv4only-6,--ipv6UseIPv6only-P,--target-port<TARGET_PORT>Thetargetport(TCP&UDPonly)[default:80]-S,--source-port<SOURCE_PORT>Thesourceport(TCP&UDPonly)[default:auto]-A,--source-address<SOURCE_ADDRESS>ThesourceIPaddress[default:auto]-I,--interface<INTERFACE>Thenetworkinterface[default:auto]-i,--min-round-duration<MIN_ROUND_DURATION>Theminimumdurationofeveryround[default:1s]-T,--max-round-duration<MAX_ROUND_DURATION>Themaximumdurationofeveryround[default:1s]-g,--grace-duration<GRACE_DURATION>TheperiodoftimetowaitforadditionalICMPresponsesafterthetargethasresponded[default:100ms]--initial-sequence<INITIAL_SEQUENCE>Theinitialsequencenumber[default:33434]-R,--multipath-strategy<MULTIPATH_STRATEGY>TheEqual-costMulti-Pathroutingstrategy(UDPonly)[default:classic][possiblevalues:classic,paris,dublin]-U,--max-inflight<MAX_INFLIGHT>Themaximumnumberofin-flightICMPechorequests[default:24]-f,--first-ttl<FIRST_TTL>TheTTLtostartfrom[default:1]-t,--max-ttl<MAX_TTL>ThemaximumnumberofTTLhops[default:64]--packet-size<PACKET_SIZE>ThesizeofIPpackettosend(IPheader+ICMPheader+payload)[default:84]--payload-pattern<PAYLOAD_PATTERN>TherepeatingpatterninthepayloadoftheICMPpacket[default:0]-Q,--tos<TOS>TheTOS(i.e.DSCP+ECN)IPheadervalue(IPv4only)[default:0]-e,--icmp-extensionsParseICMPextensions--read-timeout<READ_TIMEOUT>Thesocketreadtimeout[default:10ms]-r,--dns-resolve-method<DNS_RESOLVE_METHOD>HowtoperformDNSqueries[default:system][possiblevalues:system,resolv,google,cloudflare]-y,--dns-resolve-allTracetoallIPsresolvedfromDNSlookup[default:false]--dns-timeout<DNS_TIMEOUT>ThemaximumtimetowaittoperformDNSqueries[default:5s]--dns-ttl<DNS_TTL>Thetime-to-live(TTL)ofDNSentries[default:300s]-z,--dns-lookup-as-infoLookupautonomoussystem(AS)informationduringDNSqueries[default:false]-s,--max-samples<MAX_SAMPLES>Themaximumnumberofsamplestorecordperhop[default:256]--max-flows<MAX_FLOWS>Themaximumnumberofflowstorecord[default:64]-a,--tui-address-mode<TUI_ADDRESS_MODE>Howtorenderaddresses[default:host][possiblevalues:ip,host,both]--tui-as-mode<TUI_AS_MODE>Howtorenderautonomoussystem(AS)information[default:asn][possiblevalues:asn,prefix,country-code,registry,allocated,name]--tui-custom-columns<TUI_CUSTOM_COLUMNS>CustomcolumnstobedisplayedintheTUIhopstable[default:holsravbwdt]--tui-icmp-extension-mode<TUI_ICMP_EXTENSION_MODE>HowtorenderICMPextensions[default:off][possiblevalues:off,mpls,full,all]--tui-geoip-mode<TUI_GEOIP_MODE>HowtorenderGeoIpinformation[default:short][possiblevalues:off,short,long,location]-M,--tui-max-addrs<TUI_MAX_ADDRS>Themaximumnumberofaddressestoshowperhop[default:auto]--tui-preserve-screenPreservethescreenonexit[default:false]--tui-refresh-rate<TUI_REFRESH_RATE>TheTUIrefreshrate[default:100ms]--tui-privacy-max-ttl<TUI_PRIVACY_MAX_TTL>Themaximumttlofhopswhichwillbemaskedforprivacy[default:none]--tui-locale<TUI_LOCALE>ThelocaletousefortheTUI[default:auto]--tui-timezone<TUI_TIMEZONE>ThetimezonetousefortheTUI[default:auto]--tui-theme-colors<TUI_THEME_COLORS>TheTUIthemecolors[item=color,item=color,..]--print-tui-theme-itemsPrintallTUIthemeitemsandexit--tui-key-bindings<TUI_KEY_BINDINGS>TheTUIkeybindings[command=key,command=key,..]--print-tui-binding-commandsPrintallTUIcommandsthatcanbeboundandexit-C,--report-cycles<REPORT_CYCLES>Thenumberofreportcyclestorun[default:10]-G,--geoip-mmdb-file<GEOIP_MMDB_FILE>ThesupportedMaxMindorIPinfoGeoIpmmdbfile--generate<GENERATE>Generateshellcompletion[possiblevalues:bash,elvish,fish,powershell,zsh]--generate-manGenerateROFFmanpage--print-config-templatePrintatemplatetomlconfigfileandexit--print-localesPrintallavailableTUIlocalesandexit--log-format<LOG_FORMAT>Thedebuglogformat[default:pretty][possiblevalues:compact,pretty,json,chrome]--log-filter<LOG_FILTER>Thedebuglogfilter[default:trippy=debug]--log-span-events<LOG_SPAN_EVENTS>Thedebuglogformat[default:off][possiblevalues:off,active,full]-v,--verboseEnableverbosedebuglogging-h,--helpPrinthelp(seemorewith'--help')-V,--versionPrintversion
