---
source: crates/trippy-tui/src/print.rs
---
usingnamespaceSystem.Management.AutomationusingnamespaceSystem.Management.Automation.LanguageRegister-ArgumentCompleter-Native-CommandName'trip'-ScriptBlock{param($wordToComplete,$commandAst,$cursorPosition)$commandElements=$commandAst.CommandElements$command=@('trip'for($i=1;$i-lt$commandElements.Count;$i++){$element=$commandElements[$i]if($element-isnot[StringConstantExpressionAst]-or$element.StringConstantType-ne[StringConstantType]::BareWord-or$element.Value.StartsWith('-')-or$element.Value-eq$wordToComplete){break}$element.Value})-join';'$completions=@(switch($command){'trip'{[CompletionResult]::new('-c','-c',[CompletionResultType]::ParameterName,'Configfile')[CompletionResult]::new('--config-file','--config-file',[CompletionResultType]::ParameterName,'Configfile')[CompletionResult]::new('-m','-m',[CompletionResultType]::ParameterName,'Outputmode[default:tui]')[CompletionResult]::new('--mode','--mode',[CompletionResultType]::ParameterName,'Outputmode[default:tui]')[CompletionResult]::new('-p','-p',[CompletionResultType]::ParameterName,'Tracingprotocol[default:icmp]')[CompletionResult]::new('--protocol','--protocol',[CompletionResultType]::ParameterName,'Tracingprotocol[default:icmp]')[CompletionResult]::new('-F','-F',[CompletionResultType]::ParameterName,'Theaddressfamily[default:system]')[CompletionResult]::new('--addr-family','--addr-family',[CompletionResultType]::ParameterName,'Theaddressfamily[default:system]')[CompletionResult]::new('-P','-P',[CompletionResultType]::ParameterName,'Thetargetport(TCP&UDPonly)[default:80]')[CompletionResult]::new('--target-port','--target-port',[CompletionResultType]::ParameterName,'Thetargetport(TCP&UDPonly)[default:80]')[CompletionResult]::new('-S','-S',[CompletionResultType]::ParameterName,'Thesourceport(TCP&UDPonly)[default:auto]')[CompletionResult]::new('--source-port','--source-port',[CompletionResultType]::ParameterName,'Thesourceport(TCP&UDPonly)[default:auto]')[CompletionResult]::new('-A','-A',[CompletionResultType]::ParameterName,'ThesourceIPaddress[default:auto]')[CompletionResult]::new('--source-address','--source-address',[CompletionResultType]::ParameterName,'ThesourceIPaddress[default:auto]')[CompletionResult]::new('-I','-I',[CompletionResultType]::ParameterName,'Thenetworkinterface[default:auto]')[CompletionResult]::new('--interface','--interface',[CompletionResultType]::ParameterName,'Thenetworkinterface[default:auto]')[CompletionResult]::new('-i','-i',[CompletionResultType]::ParameterName,'Theminimumdurationofeveryround[default:1s]')[CompletionResult]::new('--min-round-duration','--min-round-duration',[CompletionResultType]::ParameterName,'Theminimumdurationofeveryround[default:1s]')[CompletionResult]::new('-T','-T',[CompletionResultType]::ParameterName,'Themaximumdurationofeveryround[default:1s]')[CompletionResult]::new('--max-round-duration','--max-round-duration',[CompletionResultType]::ParameterName,'Themaximumdurationofeveryround[default:1s]')[CompletionResult]::new('-g','-g',[CompletionResultType]::ParameterName,'TheperiodoftimetowaitforadditionalICMPresponsesafterthetargethasresponded[default:100ms]')[CompletionResult]::new('--grace-duration','--grace-duration',[CompletionResultType]::ParameterName,'TheperiodoftimetowaitforadditionalICMPresponsesafterthetargethasresponded[default:100ms]')[CompletionResult]::new('--initial-sequence','--initial-sequence',[CompletionResultType]::ParameterName,'Theinitialsequencenumber[default:33434]')[CompletionResult]::new('-R','-R',[CompletionResultType]::ParameterName,'TheEqual-costMulti-Pathroutingstrategy(UDPonly)[default:classic]')[CompletionResult]::new('--multipath-strategy','--multipath-strategy',[CompletionResultType]::ParameterName,'TheEqual-costMulti-Pathroutingstrategy(UDPonly)[default:classic]')[CompletionResult]::new('-U','-U',[CompletionResultType]::ParameterName,'Themaximumnumberofin-flightICMPechorequests[default:24]')[CompletionResult]::new('--max-inflight','--max-inflight',[CompletionResultType]::ParameterName,'Themaximumnumberofin-flightICMPechorequests[default:24]')[CompletionResult]::new('-f','-f',[CompletionResultType]::ParameterName,'TheTTLtostartfrom[default:1]')[CompletionResult]::new('--first-ttl','--first-ttl',[CompletionResultType]::ParameterName,'TheTTLtostartfrom[default:1]')[CompletionResult]::new('-t','-t',[CompletionResultType]::ParameterName,'ThemaximumnumberofTTLhops[default:64]')[CompletionResult]::new('--max-ttl','--max-ttl',[CompletionResultType]::ParameterName,'ThemaximumnumberofTTLhops[default:64]')[CompletionResult]::new('--packet-size','--packet-size',[CompletionResultType]::ParameterName,'ThesizeofIPpackettosend(IPheader+ICMPheader+payload)[default:84]')[CompletionResult]::new('--payload-pattern','--payload-pattern',[CompletionResultType]::ParameterName,'TherepeatingpatterninthepayloadoftheICMPpacket[default:0]')[CompletionResult]::new('-Q','-Q',[CompletionResultType]::ParameterName,'TheTOS(i.e.DSCP+ECN)IPheadervalue(IPv4only)[default:0]')[CompletionResult]::new('--tos','--tos',[CompletionResultType]::ParameterName,'TheTOS(i.e.DSCP+ECN)IPheadervalue(IPv4only)[default:0]')[CompletionResult]::new('--read-timeout','--read-timeout',[CompletionResultType]::ParameterName,'Thesocketreadtimeout[default:10ms]')[CompletionResult]::new('-r','-r',[CompletionResultType]::ParameterName,'HowtoperformDNSqueries[default:system]')[CompletionResult]::new('--dns-resolve-method','--dns-resolve-method',[CompletionResultType]::ParameterName,'HowtoperformDNSqueries[default:system]')[CompletionResult]::new('--dns-timeout','--dns-timeout',[CompletionResultType]::ParameterName,'ThemaximumtimetowaittoperformDNSqueries[default:5s]')[CompletionResult]::new('--dns-ttl','--dns-ttl',[CompletionResultType]::ParameterName,'Thetime-to-live(TTL)ofDNSentries[default:300s]')[CompletionResult]::new('-s','-s',[CompletionResultType]::ParameterName,'Themaximumnumberofsamplestorecordperhop[default:256]')[CompletionResult]::new('--max-samples','--max-samples',[CompletionResultType]::ParameterName,'Themaximumnumberofsamplestorecordperhop[default:256]')[CompletionResult]::new('--max-flows','--max-flows',[CompletionResultType]::ParameterName,'Themaximumnumberofflowstorecord[default:64]')[CompletionResult]::new('-a','-a',[CompletionResultType]::ParameterName,'Howtorenderaddresses[default:host]')[CompletionResult]::new('--tui-address-mode','--tui-address-mode',[CompletionResultType]::ParameterName,'Howtorenderaddresses[default:host]')[CompletionResult]::new('--tui-as-mode','--tui-as-mode',[CompletionResultType]::ParameterName,'Howtorenderautonomoussystem(AS)information[default:asn]')[CompletionResult]::new('--tui-custom-columns','--tui-custom-columns',[CompletionResultType]::ParameterName,'CustomcolumnstobedisplayedintheTUIhopstable[default:holsravbwdt]')[CompletionResult]::new('--tui-icmp-extension-mode','--tui-icmp-extension-mode',[CompletionResultType]::ParameterName,'HowtorenderICMPextensions[default:off]')[CompletionResult]::new('--tui-geoip-mode','--tui-geoip-mode',[CompletionResultType]::ParameterName,'HowtorenderGeoIpinformation[default:short]')[CompletionResult]::new('-M','-M',[CompletionResultType]::ParameterName,'Themaximumnumberofaddressestoshowperhop[default:auto]')[CompletionResult]::new('--tui-max-addrs','--tui-max-addrs',[CompletionResultType]::ParameterName,'Themaximumnumberofaddressestoshowperhop[default:auto]')[CompletionResult]::new('--tui-refresh-rate','--tui-refresh-rate',[CompletionResultType]::ParameterName,'TheTUIrefreshrate[default:100ms]')[CompletionResult]::new('--tui-privacy-max-ttl','--tui-privacy-max-ttl',[CompletionResultType]::ParameterName,'Themaximumttlofhopswhichwillbemaskedforprivacy[default:none]')[CompletionResult]::new('--tui-locale','--tui-locale',[CompletionResultType]::ParameterName,'ThelocaletousefortheTUI[default:auto]')[CompletionResult]::new('--tui-timezone','--tui-timezone',[CompletionResultType]::ParameterName,'ThetimezonetousefortheTUI[default:auto]')[CompletionResult]::new('--tui-theme-colors','--tui-theme-colors',[CompletionResultType]::ParameterName,'TheTUIthemecolors[item=color,item=color,..]')[CompletionResult]::new('--tui-key-bindings','--tui-key-bindings',[CompletionResultType]::ParameterName,'TheTUIkeybindings[command=key,command=key,..]')[CompletionResult]::new('-C','-C',[CompletionResultType]::ParameterName,'Thenumberofreportcyclestorun[default:10]')[CompletionResult]::new('--report-cycles','--report-cycles',[CompletionResultType]::ParameterName,'Thenumberofreportcyclestorun[default:10]')[CompletionResult]::new('-G','-G',[CompletionResultType]::ParameterName,'ThesupportedMaxMindorIPinfoGeoIpmmdbfile')[CompletionResult]::new('--geoip-mmdb-file','--geoip-mmdb-file',[CompletionResultType]::ParameterName,'ThesupportedMaxMindorIPinfoGeoIpmmdbfile')[CompletionResult]::new('--generate','--generate',[CompletionResultType]::ParameterName,'Generateshellcompletion')[CompletionResult]::new('--log-format','--log-format',[CompletionResultType]::ParameterName,'Thedebuglogformat[default:pretty]')[CompletionResult]::new('--log-filter','--log-filter',[CompletionResultType]::ParameterName,'Thedebuglogfilter[default:trippy=debug]')[CompletionResult]::new('--log-span-events','--log-span-events',[CompletionResultType]::ParameterName,'Thedebuglogformat[default:off]')[CompletionResult]::new('-u','-u',[CompletionResultType]::ParameterName,'Tracewithoutrequiringelevatedprivilegesonsupportedplatforms[default:false]')[CompletionResult]::new('--unprivileged','--unprivileged',[CompletionResultType]::ParameterName,'Tracewithoutrequiringelevatedprivilegesonsupportedplatforms[default:false]')[CompletionResult]::new('--udp','--udp',[CompletionResultType]::ParameterName,'TraceusingtheUDPprotocol')[CompletionResult]::new('--tcp','--tcp',[CompletionResultType]::ParameterName,'TraceusingtheTCPprotocol')[CompletionResult]::new('--icmp','--icmp',[CompletionResultType]::ParameterName,'TraceusingtheICMPprotocol')[CompletionResult]::new('-4','-4',[CompletionResultType]::ParameterName,'UseIPv4only')[CompletionResult]::new('--ipv4','--ipv4',[CompletionResultType]::ParameterName,'UseIPv4only')[CompletionResult]::new('-6','-6',[CompletionResultType]::ParameterName,'UseIPv6only')[CompletionResult]::new('--ipv6','--ipv6',[CompletionResultType]::ParameterName,'UseIPv6only')[CompletionResult]::new('-e','-e',[CompletionResultType]::ParameterName,'ParseICMPextensions')[CompletionResult]::new('--icmp-extensions','--icmp-extensions',[CompletionResultType]::ParameterName,'ParseICMPextensions')[CompletionResult]::new('-y','-y',[CompletionResultType]::ParameterName,'TracetoallIPsresolvedfromDNSlookup[default:false]')[CompletionResult]::new('--dns-resolve-all','--dns-resolve-all',[CompletionResultType]::ParameterName,'TracetoallIPsresolvedfromDNSlookup[default:false]')[CompletionResult]::new('-z','-z',[CompletionResultType]::ParameterName,'Lookupautonomoussystem(AS)informationduringDNSqueries[default:false]')[CompletionResult]::new('--dns-lookup-as-info','--dns-lookup-as-info',[CompletionResultType]::ParameterName,'Lookupautonomoussystem(AS)informationduringDNSqueries[default:false]')[CompletionResult]::new('--tui-preserve-screen','--tui-preserve-screen',[CompletionResultType]::ParameterName,'Preservethescreenonexit[default:false]')[CompletionResult]::new('--print-tui-theme-items','--print-tui-theme-items',[CompletionResultType]::ParameterName,'PrintallTUIthemeitemsandexit')[CompletionResult]::new('--print-tui-binding-commands','--print-tui-binding-commands',[CompletionResultType]::ParameterName,'PrintallTUIcommandsthatcanbeboundandexit')[CompletionResult]::new('--generate-man','--generate-man',[CompletionResultType]::ParameterName,'GenerateROFFmanpage')[CompletionResult]::new('--print-config-template','--print-config-template',[CompletionResultType]::ParameterName,'Printatemplatetomlconfigfileandexit')[CompletionResult]::new('--print-locales','--print-locales',[CompletionResultType]::ParameterName,'PrintallavailableTUIlocalesandexit')[CompletionResult]::new('-v','-v',[CompletionResultType]::ParameterName,'Enableverbosedebuglogging')[CompletionResult]::new('--verbose','--verbose',[CompletionResultType]::ParameterName,'Enableverbosedebuglogging')[CompletionResult]::new('-h','-h',[CompletionResultType]::ParameterName,'Printhelp(seemorewith''--help'')')[CompletionResult]::new('--help','--help',[CompletionResultType]::ParameterName,'Printhelp(seemorewith''--help'')')[CompletionResult]::new('-V','-V',[CompletionResultType]::ParameterName,'Printversion')[CompletionResult]::new('--version','--version',[CompletionResultType]::ParameterName,'Printversion')break}})$completions.Where{$_.CompletionText-like"$wordToComplete*"}|Sort-Object-PropertyListItemText}
